// Jest Snapshot v1, https://goo.gl/fbAQLP

exports[`Render Table 1`] = `
<table>
  <tbody>
    <tr>
      <th>
        NASDAQ
      </th>
      <td>
        <input
          onChange={[Function]}
          onFocus={[Function]}
          step=".01"
          type="number"
          value={15}
        />
      </td>
      <td>
        <input
          onChange={[Function]}
          onFocus={[Function]}
          step=".01"
          type="number"
          value={15}
        />
      </td>
      <td>
        <input
          onChange={[Function]}
          onFocus={[Function]}
          step=".01"
          type="number"
          value={14.92}
        />
      </td>
      <td>
        <input
          onChange={[Function]}
          onFocus={[Function]}
          step=".01"
          type="number"
          value={14.91}
        />
      </td>
      <td>
        <input
          onChange={[Function]}
          onFocus={[Function]}
          step=".01"
          type="number"
          value={15.78}
        />
      </td>
      <td>
        <input
          onChange={[Function]}
          onFocus={[Function]}
          step=".01"
          type="number"
          value={15.8}
        />
      </td>
      <td>
        <input
          onChange={[Function]}
          onFocus={[Function]}
          step=".01"
          type="number"
          value={15.76}
        />
      </td>
      <td>
        <input
          onChange={[Function]}
          onFocus={[Function]}
          step=".01"
          type="number"
          value={15.76}
        />
      </td>
      <td>
        <input
          onChange={[Function]}
          onFocus={[Function]}
          step=".01"
          type="number"
          value={17.96}
        />
      </td>
      <td>
        <input
          onChange={[Function]}
          onFocus={[Function]}
          step=".01"
          type="number"
          value={14.8}
        />
      </td>
      <td>
        <input
          onChange={[Function]}
          onFocus={[Function]}
          step=".01"
          type="number"
          value={20.65}
        />
      </td>
      <td>
        <input
          onChange={[Function]}
          onFocus={[Function]}
          step=".01"
          type="number"
          value={32.19}
        />
      </td>
      <td>
        <input
          onChange={[Function]}
          onFocus={[Function]}
          step=".01"
          type="number"
          value={32.19}
        />
      </td>
      <td>
        <input
          onChange={[Function]}
          onFocus={[Function]}
          step=".01"
          type="number"
          value={33.07}
        />
      </td>
      <td>
        <input
          onChange={[Function]}
          onFocus={[Function]}
          step=".01"
          type="number"
          value={33.07}
        />
      </td>
      <td>
        <input
          onChange={[Function]}
          onFocus={[Function]}
          step=".01"
          type="number"
          value={51.96}
        />
      </td>
      <td>
        <input
          onChange={[Function]}
          onFocus={[Function]}
          step=".01"
          type="number"
          value={60.48}
        />
      </td>
    </tr>
    <tr>
      <th>
        CAC40
      </th>
      <td>
        <input
          onChange={[Function]}
          onFocus={[Function]}
          step=".01"
          type="number"
          value={144.95}
        />
      </td>
      <td>
        <input
          onChange={[Function]}
          onFocus={[Function]}
          step=".01"
          type="number"
          value={144.94}
        />
      </td>
      <td>
        <input
          onChange={[Function]}
          onFocus={[Function]}
          step=".01"
          type="number"
          value={54.83}
        />
      </td>
      <td>
        <input
          onChange={[Function]}
          onFocus={[Function]}
          step=".01"
          type="number"
          value={54.83}
        />
      </td>
      <td>
        <input
          onChange={[Function]}
          onFocus={[Function]}
          step=".01"
          type="number"
          value={53.01}
        />
      </td>
      <td>
        <input
          onChange={[Function]}
          onFocus={[Function]}
          step=".01"
          type="number"
          value={51.96}
        />
      </td>
      <td>
        <input
          onChange={[Function]}
          onFocus={[Function]}
          step=".01"
          type="number"
          value={82.93}
        />
      </td>
      <td>
        <input
          onChange={[Function]}
          onFocus={[Function]}
          step=".01"
          type="number"
          value={79.77}
        />
      </td>
      <td>
        <input
          onChange={[Function]}
          onFocus={[Function]}
          step=".01"
          type="number"
          value={81.31}
        />
      </td>
      <td>
        <input
          onChange={[Function]}
          onFocus={[Function]}
          step=".01"
          type="number"
          value={109.72}
        />
      </td>
      <td>
        <input
          onChange={[Function]}
          onFocus={[Function]}
          step=".01"
          type="number"
          value={110.43}
        />
      </td>
      <td>
        <input
          onChange={[Function]}
          onFocus={[Function]}
          step=".01"
          type="number"
          value={56.51}
        />
      </td>
      <td>
        <input
          onChange={[Function]}
          onFocus={[Function]}
          step=".01"
          type="number"
          value={56.49}
        />
      </td>
      <td>
        <input
          onChange={[Function]}
          onFocus={[Function]}
          step=".01"
          type="number"
          value={63.69}
        />
      </td>
      <td>
        <input
          onChange={[Function]}
          onFocus={[Function]}
          step=".01"
          type="number"
          value={46.03}
        />
      </td>
      <td>
        <input
          onChange={[Function]}
          onFocus={[Function]}
          step=".01"
          type="number"
          value={46.03}
        />
      </td>
      <td>
        <input
          onChange={[Function]}
          onFocus={[Function]}
          step=".01"
          type="number"
          value={19.98}
        />
      </td>
    </tr>
  </tbody>
</table>
`;
